[2025-08-18 18:22:10] INFO - 检测到已有进度，从第3章继续生成
[2025-08-18 18:23:15] INFO - 第3章第1轮扩展，需增加1200字符
[2025-08-18 18:23:47] INFO - 扩展后长度：1052字符
[2025-08-18 18:23:49] INFO - 第3章第2轮扩展，需增加1200字符
[2025-08-18 18:23:50] INFO - 扩展后长度：1059字符
[2025-08-18 18:23:52] INFO - 第3章第3轮扩展，需增加1200字符
[2025-08-18 18:23:54] INFO - 扩展后长度：1103字符
[2025-08-18 18:23:56] INFO - 第3章第4轮扩展，需增加1200字符
[2025-08-18 18:23:56] INFO - 扩展后长度：1110字符
[2025-08-18 18:23:58] INFO - 第3章需追加内容以达到4000字符
[2025-08-18 18:24:14] INFO - 追加后长度：1622字符
[2025-08-18 18:24:15] INFO - 追加后长度：1633字符
[2025-08-18 18:24:17] INFO - 追加后长度：1691字符
[2025-08-18 18:24:52] WARNING - Reader审查失败: Expecting value: line 1 column 1 (char 0)
[2025-08-18 18:25:19] INFO - 第3章生成完成
[2025-08-18 18:25:19] INFO - 小说合并完成：novels\测试小说\full_novel.txt
[2025-08-18 18:25:19] INFO - 小说《测试小说》生成完成
[2025-08-18 23:00:08] INFO - 第1章第1轮扩展，需增加1200字符
[2025-08-18 23:00:09] INFO - 扩展后长度：935字符
[2025-08-18 23:00:11] INFO - 第1章第2轮扩展，需增加1200字符
[2025-08-18 23:01:21] WARNING - 第2轮扩展内容重复，跳过
[2025-08-18 23:01:23] INFO - 第1章第3轮扩展，需增加1200字符
[2025-08-18 23:02:42] WARNING - 第3轮扩展内容重复，跳过
[2025-08-18 23:02:44] INFO - 第1章第4轮扩展，需增加1200字符
[2025-08-18 23:03:38] WARNING - 第4轮扩展内容重复，跳过
[2025-08-18 23:03:40] INFO - 第1章需追加内容以达到4000字符
[2025-08-18 23:05:11] INFO - 追加后长度：3673字符
[2025-08-18 23:06:01] INFO - 追加后长度：5170字符
[2025-08-18 23:06:12] WARNING - Reader审查失败: Expecting value: line 1 column 1 (char 0)
[2025-08-18 23:06:44] INFO - 第1章生成完成
[2025-08-18 23:07:25] INFO - 第2章第1轮扩展，需增加1200字符
[2025-08-18 23:07:26] INFO - 扩展后长度：1152字符
[2025-08-18 23:07:28] INFO - 第2章第2轮扩展，需增加1200字符
[2025-08-18 23:09:10] INFO - 扩展后长度：4123字符
[2025-08-18 23:09:35] WARNING - Reader审查失败: Expecting value: line 1 column 1 (char 0)
[2025-08-18 23:09:37] INFO - 第2章生成完成
[2025-08-18 23:10:13] INFO - 第3章第1轮扩展，需增加1200字符
[2025-08-18 23:11:30] WARNING - 第1轮扩展内容重复，跳过
[2025-08-18 23:11:32] INFO - 第3章第2轮扩展，需增加1200字符
[2025-08-18 23:12:10] WARNING - 第2轮扩展内容重复，跳过
[2025-08-18 23:12:12] INFO - 第3章第3轮扩展，需增加1200字符
[2025-08-18 23:13:16] INFO - 扩展后长度：2936字符
[2025-08-18 23:13:18] INFO - 第3章第4轮扩展，需增加1064字符
[2025-08-18 23:14:28] INFO - 扩展后长度：4890字符
[2025-08-18 23:14:58] WARNING - Reader审查失败: Expecting value: line 1 column 1 (char 0)
[2025-08-18 23:15:36] INFO - 第3章生成完成
[2025-08-18 23:15:36] INFO - 小说合并完成：novels\优化测试小说\full_novel.txt
[2025-08-18 23:15:36] INFO - 小说《优化测试小说》生成完成
[2025-08-18 23:22:20] INFO - 第1章第1轮扩展，需增加1200字符
[2025-08-18 23:23:32] WARNING - 第1轮扩展内容重复，跳过
[2025-08-18 23:23:34] INFO - 第1章第2轮扩展，需增加1200字符
[2025-08-18 23:24:33] WARNING - 第2轮扩展内容重复，跳过
[2025-08-18 23:24:35] INFO - 第1章第3轮扩展，需增加1200字符
[2025-08-18 23:26:13] INFO - 扩展后长度：4603字符
[2025-08-18 23:26:27] WARNING - Reader审查失败: Expecting value: line 1 column 1 (char 0)
[2025-08-18 23:28:32] INFO - 第1章生成完成
[2025-08-18 23:30:01] INFO - 第2章第1轮扩展，需增加1200字符
[2025-08-18 23:31:48] INFO - 扩展后长度：5466字符
[2025-08-18 23:32:48] WARNING - Reader审查失败: Expecting value: line 1 column 1 (char 0)
[2025-08-18 23:33:01] INFO - 第2章生成完成
[2025-08-18 23:34:19] INFO - 第3章第1轮扩展，需增加1200字符
[2025-08-18 23:35:58] INFO - 扩展后长度：5051字符
[2025-08-18 23:36:34] WARNING - Reader审查失败: Expecting value: line 1 column 1 (char 0)
[2025-08-18 23:36:57] INFO - 第3章生成完成
[2025-08-18 23:36:57] INFO - 小说合并完成：novels\最终测试小说\full_novel.txt
[2025-08-18 23:36:57] INFO - 小说《最终测试小说》生成完成
[2025-08-18 23:41:38] INFO - 检测到已有进度，从第4章继续生成
[2025-08-18 23:42:51] INFO - 小说合并完成：novels\优化测试小说\full_novel.txt
[2025-08-18 23:42:51] INFO - 小说《优化测试小说》生成完成
[2025-08-18 23:47:25] INFO - 检测到已有进度，从第4章继续生成
[2025-08-18 23:48:44] INFO - 小说合并完成：novels\最终测试小说\full_novel.txt
[2025-08-18 23:48:44] INFO - 小说《最终测试小说》生成完成
[2025-08-18 23:55:49] INFO - 第1章第1轮扩展，需增加1200字符
[2025-08-18 23:56:56] WARNING - 第1轮扩展内容重复，跳过
[2025-08-18 23:56:58] INFO - 第1章第2轮扩展，需增加1200字符
[2025-08-18 23:57:59] WARNING - 第2轮扩展内容重复，跳过
[2025-08-18 23:58:01] INFO - 第1章第3轮扩展，需增加1200字符
[2025-08-18 23:59:20] INFO - 扩展后长度：4067字符
[2025-08-18 23:59:40] WARNING - Reader审查失败: Expecting value: line 1 column 1 (char 0)
[2025-08-18 23:59:53] INFO - 第1章生成完成
[2025-08-19 00:00:18] INFO - 第2章第1轮扩展，需增加1200字符
[2025-08-19 00:00:19] INFO - 扩展后长度：746字符
[2025-08-19 00:00:21] INFO - 第2章第2轮扩展，需增加1200字符
[2025-08-19 00:01:11] WARNING - 第2轮扩展内容重复，跳过
[2025-08-19 00:01:13] INFO - 第2章第3轮扩展，需增加1200字符
[2025-08-19 00:01:55] WARNING - 第3轮扩展内容重复，跳过
[2025-08-19 00:01:57] INFO - 第2章第4轮扩展，需增加1200字符
[2025-08-19 00:02:48] WARNING - 第4轮扩展内容重复，跳过
[2025-08-19 00:02:50] INFO - 第2章需追加内容以达到4000字符
[2025-08-19 00:04:12] INFO - 追加后长度：3311字符
[2025-08-19 00:05:05] INFO - 追加后长度：4831字符
[2025-08-19 00:05:47] WARNING - Reader审查失败: Expecting value: line 1 column 1 (char 0)
[2025-08-19 00:06:13] INFO - 第2章生成完成
[2025-08-19 00:07:14] INFO - 第3章第1轮扩展，需增加1200字符
[2025-08-19 00:08:25] WARNING - 第1轮扩展内容重复，跳过
[2025-08-19 00:08:27] INFO - 第3章第2轮扩展，需增加1200字符
[2025-08-19 00:09:36] INFO - 扩展后长度：3769字符
[2025-08-19 00:09:38] INFO - 第3章第3轮扩展，需增加231字符
[2025-08-19 00:10:47] WARNING - 第3轮扩展内容重复，跳过
[2025-08-19 00:10:49] INFO - 第3章第4轮扩展，需增加231字符
[2025-08-19 00:11:59] WARNING - 第4轮扩展内容重复，跳过
[2025-08-19 00:12:01] INFO - 第3章需追加内容以达到4000字符
[2025-08-19 00:12:49] INFO - 追加后长度：5212字符
[2025-08-19 00:13:03] WARNING - Reader审查失败: Expecting value: line 1 column 1 (char 0)
[2025-08-19 00:14:10] INFO - 第3章生成完成
[2025-08-19 00:14:10] INFO - 小说合并完成：novels\清理优化测试小说\full_novel.txt
[2025-08-19 00:14:10] INFO - 小说《清理优化测试小说》生成完成
[2025-08-19 00:20:14] INFO - 第1章第1轮扩展，需增加1200字符
[2025-08-19 00:22:29] INFO - 扩展后长度：5430字符
[2025-08-19 00:22:40] WARNING - Reader审查失败: Expecting value: line 1 column 1 (char 0)
[2025-08-19 00:23:11] INFO - 第1章生成完成
[2025-08-19 00:23:55] INFO - 第2章第1轮扩展，需增加1200字符
[2025-08-19 00:23:56] INFO - 扩展后长度：1280字符
[2025-08-19 00:23:58] INFO - 第2章第2轮扩展，需增加1200字符
[2025-08-19 00:24:39] WARNING - 第2轮扩展内容重复，跳过
[2025-08-19 00:24:41] INFO - 第2章第3轮扩展，需增加1200字符
[2025-08-19 00:25:42] WARNING - 第3轮扩展内容重复，跳过
[2025-08-19 00:25:44] INFO - 第2章第4轮扩展，需增加1200字符
[2025-08-19 00:26:51] WARNING - 第4轮扩展内容重复，跳过
[2025-08-19 00:26:53] INFO - 第2章需追加内容以达到4000字符
[2025-08-19 00:28:11] INFO - 追加后长度：3742字符
[2025-08-19 00:28:51] INFO - 追加后长度：4908字符
[2025-08-19 00:29:09] WARNING - Reader审查失败: Expecting value: line 1 column 1 (char 0)
[2025-08-19 00:29:10] INFO - 第2章生成完成
[2025-08-19 00:29:10] INFO - 小说合并完成：novels\测试小说优化版\full_novel.txt
[2025-08-19 00:29:10] INFO - 小说《测试小说优化版》生成完成
[2025-08-19 00:37:30] INFO - 第1章第1轮扩展，需增加1200字符
[2025-08-19 00:39:24] INFO - 扩展后长度：4374字符
[2025-08-19 00:39:59] WARNING - Reader审查失败: Expecting value: line 1 column 1 (char 0)
[2025-08-19 00:52:09] ERROR - 生成摘要失败: HTTPConnectionPool(host='localhost', port=11434): Read timed out. (read timeout=240)
[2025-08-19 00:52:09] INFO - 第1章生成完成
[2025-08-19 00:52:51] INFO - 第2章第1轮扩展，需增加1200字符
[2025-08-19 00:52:52] INFO - 扩展后长度：1192字符
[2025-08-19 00:52:54] INFO - 第2章第2轮扩展，需增加1200字符
[2025-08-19 00:54:28] WARNING - 第2轮扩展内容重复，跳过
[2025-08-19 00:54:30] INFO - 第2章第3轮扩展，需增加1200字符
[2025-08-19 00:55:49] WARNING - 第3轮扩展内容重复，跳过
[2025-08-19 00:55:51] INFO - 第2章第4轮扩展，需增加1200字符
[2025-08-19 00:56:46] WARNING - 第4轮扩展内容重复，跳过
[2025-08-19 00:56:48] INFO - 第2章需追加内容以达到4000字符
[2025-08-19 00:58:08] INFO - 追加后长度：3352字符
[2025-08-19 00:59:07] INFO - 追加后长度：5101字符
[2025-08-19 00:59:17] WARNING - Reader审查失败: Expecting value: line 1 column 1 (char 0)
[2025-08-19 01:00:00] INFO - 第2章生成完成
[2025-08-19 01:00:00] INFO - 小说合并完成：novels\测试小说最终版\full_novel.txt
[2025-08-19 01:00:00] INFO - 小说《测试小说最终版》生成完成
[2025-08-19 01:04:10] INFO - 检测到已有进度，从第3章继续生成
[2025-08-19 01:05:51] INFO - 小说合并完成：novels\测试小说优化版\full_novel.txt
[2025-08-19 01:05:51] INFO - 小说《测试小说优化版》生成完成
[2025-08-19 01:08:17] INFO - 检测到已有进度，从第3章继续生成
[2025-08-19 01:09:24] INFO - 小说合并完成：novels\测试小说最终版\full_novel.txt
[2025-08-19 01:09:24] INFO - 小说《测试小说最终版》生成完成
[2025-08-19 01:14:34] INFO - 第1章第1轮扩展，需增加1200字符
[2025-08-19 01:16:03] INFO - 扩展后长度：4542字符
[2025-08-19 01:16:26] WARNING - Reader审查失败: Expecting value: line 1 column 1 (char 0)
[2025-08-19 01:16:44] INFO - 第1章生成完成
[2025-08-19 01:17:31] INFO - 第2章第1轮扩展，需增加1200字符
[2025-08-19 01:17:32] INFO - 扩展后长度：1417字符
[2025-08-19 01:17:34] INFO - 第2章第2轮扩展，需增加1200字符
[2025-08-19 01:18:25] INFO - 扩展后长度：3019字符
[2025-08-19 01:18:27] INFO - 第2章第3轮扩展，需增加981字符
[2025-08-19 01:19:32] WARNING - 第3轮扩展内容重复，跳过
[2025-08-19 01:19:34] INFO - 第2章第4轮扩展，需增加981字符
[2025-08-19 01:20:26] WARNING - 第4轮扩展内容重复，跳过
[2025-08-19 01:20:28] INFO - 第2章需追加内容以达到4000字符
[2025-08-19 01:21:13] INFO - 追加后长度：4454字符
[2025-08-19 01:21:26] WARNING - Reader审查失败: Expecting value: line 1 column 1 (char 0)
[2025-08-19 01:21:41] INFO - 第2章生成完成
[2025-08-19 01:21:41] INFO - 小说合并完成：novels\测试小说最终优化版\full_novel.txt
[2025-08-19 01:21:41] INFO - 小说《测试小说最终优化版》生成完成
[2025-08-19 01:27:01] INFO - 第1章第1轮扩展，需增加1200字符
[2025-08-19 01:28:54] INFO - 扩展后长度：5800字符
[2025-08-19 01:29:09] WARNING - Reader审查失败: Expecting value: line 1 column 1 (char 0)
[2025-08-19 01:29:37] INFO - 第1章生成完成
[2025-08-19 01:30:45] INFO - 第2章第1轮扩展，需增加1200字符
[2025-08-19 01:32:50] WARNING - 第1轮扩展内容重复，跳过
[2025-08-19 01:32:52] INFO - 第2章第2轮扩展，需增加1200字符
[2025-08-19 01:34:23] INFO - 扩展后长度：4748字符
[2025-08-19 01:34:35] WARNING - Reader审查失败: Expecting value: line 1 column 1 (char 0)
[2025-08-19 01:34:58] INFO - 第2章生成完成
[2025-08-19 01:34:58] INFO - 小说合并完成：novels\测试小说最终清理版\full_novel.txt
[2025-08-19 01:34:58] INFO - 小说《测试小说最终清理版》生成完成
[2025-08-19 01:37:08] INFO - 检测到已有进度，从第3章继续生成
[2025-08-19 01:38:09] INFO - 小说合并完成：novels\测试小说最终版\full_novel.txt
[2025-08-19 01:38:09] INFO - 小说《测试小说最终版》生成完成
[2025-08-19 12:40:56] INFO - 第1章第1轮扩展，需增加1200字符
[2025-08-19 12:42:27] INFO - 扩展后长度：5119字符
[2025-08-19 12:42:58] WARNING - Reader审查失败: Expecting value: line 1 column 1 (char 0)
[2025-08-19 12:43:15] INFO - 第1章生成完成
[2025-08-19 12:43:59] INFO - 第2章第1轮扩展，需增加1200字符
[2025-08-19 12:44:01] INFO - 扩展后长度：1321字符
[2025-08-19 12:44:03] INFO - 第2章第2轮扩展，需增加1200字符
[2025-08-19 12:44:03] INFO - 扩展后长度：1328字符
[2025-08-19 12:44:05] INFO - 第2章第3轮扩展，需增加1200字符
[2025-08-19 12:44:10] INFO - 扩展后长度：1481字符
[2025-08-19 12:44:12] INFO - 第2章第4轮扩展，需增加1200字符
[2025-08-19 12:44:17] WARNING - 第4轮扩展内容重复，跳过
[2025-08-19 12:44:19] INFO - 第2章需追加内容以达到4000字符
[2025-08-19 12:44:39] INFO - 追加后长度：2103字符
[2025-08-19 12:44:40] INFO - 追加后长度：2114字符
[2025-08-19 12:45:12] INFO - 追加后长度：3115字符
[2025-08-19 12:45:30] WARNING - Reader审查失败: Expecting value: line 1 column 1 (char 0)
[2025-08-19 12:45:33] INFO - 第2章生成完成
[2025-08-19 12:45:33] INFO - 小说合并完成：novels\清理测试小说\full_novel.txt
[2025-08-19 12:45:33] INFO - 小说《清理测试小说》生成完成
[2025-08-19 12:49:35] INFO - 第1章第1轮扩展，需增加1200字符
[2025-08-19 12:51:54] WARNING - 第1轮扩展内容重复，跳过
[2025-08-19 12:51:56] INFO - 第1章第2轮扩展，需增加1200字符
[2025-08-19 12:51:57] INFO - 扩展后长度：1400字符
[2025-08-19 12:51:59] INFO - 第1章第3轮扩展，需增加1200字符
[2025-08-19 12:53:39] WARNING - 第3轮扩展内容重复，跳过
[2025-08-19 12:53:41] INFO - 第1章第4轮扩展，需增加1200字符
[2025-08-19 12:55:01] WARNING - 第4轮扩展内容重复，跳过
[2025-08-19 12:55:03] INFO - 第1章需追加内容以达到4000字符
[2025-08-19 12:56:09] INFO - 追加后长度：3364字符
[2025-08-19 12:57:26] INFO - 追加后长度：5586字符
[2025-08-19 12:57:39] WARNING - Reader审查失败: Expecting value: line 1 column 1 (char 0)
[2025-08-19 12:58:28] INFO - 第1章生成完成
[2025-08-19 12:59:28] INFO - 第2章第1轮扩展，需增加1200字符
[2025-08-19 13:01:31] INFO - 扩展后长度：5282字符
[2025-08-19 13:01:42] WARNING - Reader审查失败: Expecting value: line 1 column 1 (char 0)
[2025-08-19 13:02:13] INFO - 第2章生成完成
[2025-08-19 13:02:13] INFO - 小说合并完成：novels\最终清理测试\full_novel.txt
[2025-08-19 13:02:13] INFO - 小说《最终清理测试》生成完成
[2025-08-19 13:07:34] INFO - 第1章第1轮扩展，需增加1200字符
[2025-08-19 13:08:34] INFO - 扩展后长度：1870字符
[2025-08-19 13:08:36] INFO - 第1章第2轮扩展，需增加1200字符
[2025-08-19 13:10:14] WARNING - 第2轮扩展内容重复，跳过
[2025-08-19 13:10:16] INFO - 第1章第3轮扩展，需增加1200字符
[2025-08-19 13:11:23] INFO - 扩展后长度：3711字符
[2025-08-19 13:11:25] INFO - 第1章第4轮扩展，需增加289字符
[2025-08-19 13:12:34] WARNING - 第4轮扩展内容重复，跳过
[2025-08-19 13:12:36] INFO - 第1章需追加内容以达到4000字符
[2025-08-19 13:13:10] INFO - 追加后长度：4677字符
[2025-08-19 13:13:25] WARNING - Reader审查失败: Expecting value: line 1 column 1 (char 0)
[2025-08-19 13:13:46] INFO - 第1章生成完成
[2025-08-19 13:13:46] INFO - 小说合并完成：novels\最终清理测试2\full_novel.txt
[2025-08-19 13:13:46] INFO - 小说《最终清理测试2》生成完成
[2025-08-19 13:18:21] INFO - 第1章第1轮扩展，需增加1200字符
[2025-08-19 13:19:39] INFO - 扩展后长度：3787字符
[2025-08-19 13:19:41] INFO - 第1章第2轮扩展，需增加213字符
[2025-08-19 13:20:44] INFO - 扩展后长度：5602字符
[2025-08-19 13:21:18] WARNING - Reader审查失败: Expecting value: line 1 column 1 (char 0)
[2025-08-19 13:21:54] INFO - 第1章生成完成
[2025-08-19 13:21:54] INFO - 小说合并完成：novels\最终清理测试3\full_novel.txt
[2025-08-19 13:21:54] INFO - 小说《最终清理测试3》生成完成
[2025-08-19 13:25:25] INFO - 第1章第1轮扩展，需增加1200字符
[2025-08-19 13:26:35] INFO - 扩展后长度：2115字符
[2025-08-19 13:26:37] INFO - 第1章第2轮扩展，需增加1200字符
[2025-08-19 13:28:08] WARNING - 第2轮扩展内容重复，跳过
[2025-08-19 13:28:10] INFO - 第1章第3轮扩展，需增加1200字符
[2025-08-19 13:29:49] WARNING - 第3轮扩展内容重复，跳过
[2025-08-19 13:29:51] INFO - 第1章第4轮扩展，需增加1200字符
[2025-08-19 13:31:06] WARNING - 第4轮扩展内容重复，跳过
[2025-08-19 13:31:09] INFO - 第1章需追加内容以达到4000字符
[2025-08-19 13:32:22] INFO - 追加后长度：4259字符
[2025-08-19 13:32:39] WARNING - Reader审查失败: Expecting value: line 1 column 1 (char 0)
[2025-08-19 13:32:49] INFO - 第1章生成完成
[2025-08-19 13:32:49] INFO - 小说合并完成：novels\最终清理测试4\full_novel.txt
[2025-08-19 13:32:49] INFO - 小说《最终清理测试4》生成完成
[2025-08-19 13:37:44] INFO - 第1章第1轮扩展，需增加1200字符
[2025-08-19 13:38:35] INFO - 扩展后长度：3186字符
[2025-08-19 13:38:37] INFO - 第1章第2轮扩展，需增加814字符
[2025-08-19 13:39:27] WARNING - 第2轮扩展内容重复，跳过
[2025-08-19 13:39:29] INFO - 第1章第3轮扩展，需增加814字符
[2025-08-19 13:42:07] INFO - 扩展后长度：8081字符
[2025-08-19 13:42:21] WARNING - Reader审查失败: Expecting value: line 1 column 1 (char 0)
[2025-08-19 13:43:36] INFO - 第1章生成完成
[2025-08-19 13:43:36] INFO - 小说合并完成：novels\最终清理测试5\full_novel.txt
[2025-08-19 13:43:36] INFO - 小说《最终清理测试5》生成完成
[2025-08-20 20:44:50] ERROR - 生成大纲失败: 404 Client Error: Not Found for url: http://localhost:11434/api/generate
[2025-08-20 20:44:50] ERROR - 小说生成失败: 无法生成小说大纲
[2025-08-20 21:18:45] INFO - 第1章第1轮扩展，需增加1200字符
[2025-08-20 21:19:06] INFO - 扩展后长度：3175字符
[2025-08-20 21:19:08] INFO - 第1章第2轮扩展，需增加825字符
[2025-08-20 21:19:24] INFO - 扩展后长度：4160字符
[2025-08-20 21:19:49] INFO - 第1章生成完成
[2025-08-20 21:20:05] INFO - 第2章第1轮扩展，需增加1200字符
[2025-08-20 21:20:33] INFO - 扩展后长度：2654字符
[2025-08-20 21:20:35] INFO - 第2章第2轮扩展，需增加1200字符
[2025-08-20 21:21:07] INFO - 扩展后长度：4142字符
[2025-08-20 21:21:36] INFO - 第2章生成完成
[2025-08-20 21:21:36] INFO - 小说合并完成：novels\测试小说\full_novel.txt
[2025-08-20 21:21:36] INFO - 小说《测试小说》生成完成
[2025-08-20 21:51:05] INFO - 第1章第1轮扩展，需增加1200字符
[2025-08-20 21:51:37] INFO - 扩展后长度：2990字符
[2025-08-20 21:51:39] INFO - 第1章第2轮扩展，需增加1010字符
[2025-08-20 21:52:09] INFO - 扩展后长度：4291字符
[2025-08-20 21:52:39] INFO - 第1章生成完成
[2025-08-20 21:53:06] INFO - 第2章第1轮扩展，需增加1200字符
[2025-08-20 21:53:25] INFO - 扩展后长度：3732字符
[2025-08-20 21:53:27] INFO - 第2章第2轮扩展，需增加268字符
[2025-08-20 21:53:44] INFO - 扩展后长度：4075字符
[2025-08-20 21:54:24] INFO - 第2章生成完成
[2025-08-20 21:55:36] INFO - 第3章第1轮扩展，需增加1200字符
[2025-08-20 21:56:17] INFO - 扩展后长度：3922字符
[2025-08-20 21:56:19] INFO - 第3章第2轮扩展，需增加78字符
[2025-08-20 21:56:34] INFO - 扩展后长度：4198字符
[2025-08-20 21:57:18] INFO - 第3章生成完成
[2025-08-20 21:57:46] INFO - 第4章第1轮扩展，需增加1200字符
[2025-08-20 21:58:34] INFO - 扩展后长度：3974字符
[2025-08-20 21:58:36] INFO - 第4章第2轮扩展，需增加26字符
[2025-08-20 21:59:25] WARNING - 第2轮扩展内容重复，跳过
[2025-08-20 21:59:27] INFO - 第4章第3轮扩展，需增加26字符
[2025-08-20 21:59:59] INFO - 扩展后长度：4630字符
[2025-08-20 22:00:33] INFO - 第4章生成完成
[2025-08-20 22:01:55] INFO - 第5章第1轮扩展，需增加1200字符
[2025-08-20 22:02:50] INFO - 扩展后长度：3811字符
[2025-08-20 22:02:52] INFO - 第5章第2轮扩展，需增加189字符
[2025-08-20 22:03:49] INFO - 扩展后长度：4578字符
[2025-08-20 22:04:31] INFO - 第5章生成完成
[2025-08-20 22:05:06] INFO - 第6章第1轮扩展，需增加1144字符
[2025-08-20 22:06:02] INFO - 扩展后长度：4498字符
[2025-08-20 22:06:44] INFO - 第6章生成完成
[2025-08-20 22:07:14] INFO - 第7章第1轮扩展，需增加1200字符
[2025-08-20 22:08:07] INFO - 扩展后长度：4369字符
[2025-08-20 22:08:34] INFO - 第7章生成完成
[2025-08-20 22:10:01] INFO - 第8章第1轮扩展，需增加1200字符
[2025-08-20 22:10:35] INFO - 扩展后长度：3960字符
[2025-08-20 22:10:37] INFO - 第8章第2轮扩展，需增加40字符
[2025-08-20 22:11:07] INFO - 扩展后长度：4623字符
[2025-08-20 22:11:36] INFO - 第8章生成完成
[2025-08-20 22:12:56] INFO - 第9章第1轮扩展，需增加1200字符
[2025-08-20 22:13:20] INFO - 扩展后长度：3871字符
[2025-08-20 22:13:22] INFO - 第9章第2轮扩展，需增加129字符
[2025-08-20 22:13:50] INFO - 扩展后长度：4262字符
[2025-08-20 22:14:26] INFO - 第9章生成完成
[2025-08-20 22:15:48] INFO - 第10章第1轮扩展，需增加1200字符
[2025-08-20 22:16:38] WARNING - 第1轮扩展内容重复，跳过
[2025-08-20 22:16:40] INFO - 第10章第2轮扩展，需增加1200字符
[2025-08-20 22:17:42] INFO - 扩展后长度：3842字符
[2025-08-20 22:17:44] INFO - 第10章第3轮扩展，需增加158字符
[2025-08-20 22:18:00] INFO - 扩展后长度：4091字符
[2025-08-20 22:18:44] INFO - 第10章生成完成
[2025-08-20 22:19:10] INFO - 第11章第1轮扩展，需增加1200字符
[2025-08-20 22:20:26] WARNING - 第1轮扩展内容重复，跳过
[2025-08-20 22:20:28] INFO - 第11章第2轮扩展，需增加1200字符
[2025-08-20 22:21:44] INFO - 扩展后长度：3467字符
[2025-08-20 22:21:46] INFO - 第11章第3轮扩展，需增加533字符
[2025-08-20 22:22:20] INFO - 扩展后长度：4077字符
[2025-08-20 22:22:47] INFO - 第11章生成完成
[2025-08-20 22:23:19] INFO - 第12章第1轮扩展，需增加1200字符
[2025-08-20 22:23:48] INFO - 扩展后长度：5034字符
[2025-08-20 22:24:33] INFO - 第12章生成完成
[2025-08-20 22:25:06] INFO - 第13章第1轮扩展，需增加1200字符
[2025-08-20 22:25:34] INFO - 扩展后长度：4558字符
[2025-08-20 22:26:24] INFO - 第13章生成完成
[2025-08-20 22:27:06] INFO - 第14章第1轮扩展，需增加1200字符
[2025-08-20 22:27:46] INFO - 扩展后长度：3836字符
[2025-08-20 22:27:48] INFO - 第14章第2轮扩展，需增加164字符
[2025-08-20 22:28:00] WARNING - 第2轮扩展内容重复，跳过
[2025-08-20 22:28:02] INFO - 第14章第3轮扩展，需增加164字符
[2025-08-20 22:28:20] INFO - 扩展后长度：4372字符
[2025-08-20 22:28:57] INFO - 第14章生成完成
[2025-08-20 22:29:34] INFO - 第15章第1轮扩展，需增加1200字符
[2025-08-20 22:30:58] INFO - 扩展后长度：4386字符
[2025-08-20 22:31:16] WARNING - Reader审查失败: Expecting value: line 1 column 1 (char 0)
[2025-08-20 22:31:44] INFO - 第15章生成完成
[2025-08-20 22:32:21] INFO - 第16章第1轮扩展，需增加1200字符
[2025-08-20 22:32:41] INFO - 扩展后长度：4072字符
[2025-08-20 22:33:09] INFO - 第16章生成完成
[2025-08-20 22:34:15] INFO - 第17章第1轮扩展，需增加1200字符
[2025-08-20 22:34:49] INFO - 扩展后长度：3561字符
[2025-08-20 22:34:51] INFO - 第17章第2轮扩展，需增加439字符
[2025-08-20 22:35:31] INFO - 扩展后长度：4282字符
[2025-08-20 22:36:10] INFO - 第17章生成完成
[2025-08-20 22:37:30] INFO - 第18章第1轮扩展，需增加1200字符
[2025-08-20 22:38:09] WARNING - 第1轮扩展内容重复，跳过
[2025-08-20 22:38:11] INFO - 第18章第2轮扩展，需增加1200字符
[2025-08-20 22:38:51] INFO - 扩展后长度：3678字符
[2025-08-20 22:38:53] INFO - 第18章第3轮扩展，需增加322字符
[2025-08-20 22:39:52] INFO - 扩展后长度：4911字符
[2025-08-20 22:40:25] INFO - 第18章生成完成
[2025-08-20 22:41:07] INFO - 第19章第1轮扩展，需增加1200字符
[2025-08-20 22:42:00] INFO - 扩展后长度：4390字符
[2025-08-20 22:42:40] INFO - 第19章生成完成
[2025-08-20 22:43:21] INFO - 第20章第1轮扩展，需增加1200字符
[2025-08-20 22:44:07] INFO - 扩展后长度：4569字符
[2025-08-20 22:44:37] INFO - 第20章生成完成
[2025-08-20 22:45:04] INFO - 第21章第1轮扩展，需增加1200字符
[2025-08-20 22:45:50] INFO - 扩展后长度：3737字符
[2025-08-20 22:45:52] INFO - 第21章第2轮扩展，需增加263字符
[2025-08-20 22:46:25] INFO - 扩展后长度：4674字符
[2025-08-20 22:47:05] INFO - 第21章生成完成
[2025-08-20 22:48:23] INFO - 第22章第1轮扩展，需增加1200字符
[2025-08-20 22:49:01] INFO - 扩展后长度：4330字符
[2025-08-20 22:49:36] INFO - 第22章生成完成
[2025-08-20 22:49:59] INFO - 第23章第1轮扩展，需增加1200字符
[2025-08-20 22:51:14] INFO - 扩展后长度：3614字符
[2025-08-20 22:51:16] INFO - 第23章第2轮扩展，需增加386字符
[2025-08-20 22:51:41] INFO - 扩展后长度：4454字符
[2025-08-20 22:52:27] INFO - 第23章生成完成
[2025-08-20 22:52:57] INFO - 第24章第1轮扩展，需增加1200字符
[2025-08-20 22:53:59] INFO - 扩展后长度：4136字符
[2025-08-20 22:54:30] INFO - 第24章生成完成
[2025-08-20 22:55:47] INFO - 第25章第1轮扩展，需增加1200字符
[2025-08-20 22:56:27] INFO - 扩展后长度：4490字符
[2025-08-20 22:56:56] INFO - 第25章生成完成
[2025-08-20 22:57:28] INFO - 第26章第1轮扩展，需增加1200字符
[2025-08-20 22:58:02] INFO - 扩展后长度：3888字符
[2025-08-20 22:58:04] INFO - 第26章第2轮扩展，需增加112字符
[2025-08-20 22:58:20] INFO - 扩展后长度：4656字符
[2025-08-20 22:58:49] INFO - 第26章生成完成
[2025-08-20 22:59:16] INFO - 第27章第1轮扩展，需增加1200字符
[2025-08-20 23:00:25] INFO - 扩展后长度：4073字符
[2025-08-20 23:01:02] INFO - 第27章生成完成
[2025-08-20 23:01:28] INFO - 第28章第1轮扩展，需增加1200字符
[2025-08-20 23:02:08] INFO - 扩展后长度：3902字符
[2025-08-20 23:02:10] INFO - 第28章第2轮扩展，需增加98字符
[2025-08-20 23:02:39] INFO - 扩展后长度：4520字符
[2025-08-20 23:03:22] INFO - 第28章生成完成
[2025-08-20 23:03:56] INFO - 第29章第1轮扩展，需增加1200字符
[2025-08-20 23:04:33] INFO - 扩展后长度：4159字符
[2025-08-20 23:05:15] INFO - 第29章生成完成
[2025-08-20 23:05:59] INFO - 第30章第1轮扩展，需增加1200字符
[2025-08-20 23:06:50] INFO - 扩展后长度：3938字符
[2025-08-20 23:06:52] INFO - 第30章第2轮扩展，需增加62字符
[2025-08-20 23:07:38] INFO - 扩展后长度：5019字符
[2025-08-20 23:08:13] INFO - 第30章生成完成
[2025-08-20 23:08:14] INFO - 小说合并完成：novels\星海形骸\full_novel.txt
[2025-08-20 23:08:14] INFO - 小说《星海形骸》生成完成
[2025-08-21 19:08:21] INFO - 检测到已有进度，从第3章继续生成
[2025-08-21 19:10:54] INFO - 小说合并完成：novels\测试小说\full_novel.txt
[2025-08-21 19:10:54] INFO - 小说《测试小说》生成完成
[2025-08-21 19:45:04] ERROR - 生成结构化章节失败: argument of type 'NoneType' is not iterable
[2025-08-21 19:48:00] INFO - 故事圣经创建完成
[2025-08-21 20:05:23] WARNING - 大纲JSON解析失败，使用原始文本: Expecting ',' delimiter: line 4 column 56 (char 106)
[2025-08-21 20:05:46] INFO - 第1章第1轮扩展，需增加1200字符
[2025-08-21 20:06:01] INFO - 扩展后长度：3284字符
[2025-08-21 20:06:03] INFO - 第1章第2轮扩展，需增加716字符
[2025-08-21 20:06:23] INFO - 扩展后长度：4040字符
[2025-08-21 20:07:03] INFO - 第1章生成完成
[2025-08-21 20:08:13] INFO - 第2章第1轮扩展，需增加1200字符
[2025-08-21 20:09:23] INFO - 扩展后长度：3286字符
[2025-08-21 20:09:25] INFO - 第2章第2轮扩展，需增加714字符
[2025-08-21 20:10:14] INFO - 扩展后长度：4339字符
[2025-08-21 20:10:45] INFO - 第2章生成完成
[2025-08-21 20:11:49] INFO - 第3章第1轮扩展，需增加1200字符
[2025-08-21 20:12:42] INFO - 扩展后长度：3024字符
[2025-08-21 20:12:44] INFO - 第3章第2轮扩展，需增加976字符
[2025-08-21 20:13:30] INFO - 扩展后长度：4324字符
[2025-08-21 20:13:56] INFO - 第3章生成完成
[2025-08-21 20:13:56] INFO - 小说合并完成：novels\测试结构化小说\full_novel.txt
[2025-08-21 20:13:56] INFO - 小说《测试结构化小说》生成完成
[2025-08-21 20:16:08] INFO - 成功解析结构化大纲，共2章
[2025-08-21 20:16:08] INFO - 故事圣经创建完成
[2025-08-21 20:16:08] INFO - 从结构化大纲获取章节数: 2
[2025-08-21 20:17:47] INFO - 第1章已达标：5153字符
[2025-08-21 20:18:38] INFO - 第1章生成完成
[2025-08-21 20:20:31] INFO - 第2章已达标：5734字符
[2025-08-21 20:21:11] INFO - 第2章生成完成
[2025-08-21 20:21:11] INFO - 小说合并完成：novels\测试结构化小说2\full_novel.txt
[2025-08-21 20:21:11] INFO - 小说《测试结构化小说2》生成完成
[2025-08-21 21:57:04] INFO - 成功解析结构化大纲，共1章
[2025-08-21 21:57:04] INFO - 故事圣经创建完成
[2025-08-21 21:57:04] INFO - 从结构化大纲获取章节数: 1
[2025-08-21 21:58:44] INFO - 第1章已达标：5387字符
[2025-08-21 21:59:20] INFO - 第1章生成完成
[2025-08-21 21:59:20] INFO - 小说合并完成：novels\编码测试小说\full_novel.txt
[2025-08-21 21:59:20] INFO - 小说《编码测试小说》生成完成
[2025-08-21 22:39:50] INFO - 成功解析结构化大纲，共1章
[2025-08-21 22:39:50] INFO - 故事圣经创建完成
[2025-08-21 22:39:50] INFO - 从结构化大纲获取章节数: 1
[2025-08-21 22:40:55] INFO - 第1章已达标：4211字符
[2025-08-21 22:41:19] INFO - 第1章生成完成
[2025-08-21 22:41:19] INFO - 小说合并完成：novels\编码测试小说2\full_novel.txt
[2025-08-21 22:41:19] INFO - 小说《编码测试小说2》生成完成
[2025-08-21 22:44:41] ERROR - 生成大纲失败: Connection error.
[2025-08-21 22:44:41] ERROR - 小说生成失败: 无法生成小说大纲
[2025-08-21 22:50:05] ERROR - 生成大纲失败: 404 Client Error: Not Found for url: http://localhost:11434/api/generate
[2025-08-21 22:50:05] ERROR - 小说生成失败: 无法生成小说大纲
[2025-08-21 23:02:48] INFO - 成功解析结构化大纲，共1章
[2025-08-21 23:02:48] INFO - 故事圣经创建完成
[2025-08-21 23:02:48] INFO - 从结构化大纲获取章节数: 1
[2025-08-21 23:04:18] INFO - 第1章已达标：5242字符
[2025-08-21 23:05:03] INFO - 第1章生成完成
[2025-08-21 23:05:03] INFO - 小说合并完成：novels\编码测试小说4\full_novel.txt
[2025-08-21 23:05:03] INFO - 小说《编码测试小说4》生成完成
[2025-08-22 14:25:54] WARNING - 大纲JSON解析失败，使用原始文本: Expecting ',' delimiter: line 4 column 62 (char 112)
[2025-08-22 14:27:13] INFO - 第1章已达标：4515字符
[2025-08-22 14:27:33] INFO - 第1章生成完成
[2025-08-22 14:27:52] INFO - 第2章第1轮扩展，需增加1200字符
[2025-08-22 14:29:44] INFO - 扩展后长度：7252字符
[2025-08-22 14:30:09] INFO - 第2章生成完成
[2025-08-22 14:31:08] INFO - 第3章第1轮扩展，需增加1200字符
[2025-08-22 14:31:35] INFO - 扩展后长度：4084字符
[2025-08-22 14:32:22] INFO - 第3章生成完成
[2025-08-22 14:32:22] INFO - 小说合并完成：novels\编码测试小说5\full_novel.txt
[2025-08-22 14:32:22] INFO - 小说《编码测试小说5》生成完成
[2025-08-22 16:04:28] INFO - 成功解析结构化大纲，共30章
[2025-08-22 16:04:28] INFO - 故事圣经创建完成
[2025-08-22 16:04:28] INFO - 从结构化大纲获取章节数: 30
[2025-08-22 16:04:54] ERROR - 生成结构化章节失败: Connection error.
[2025-08-22 16:05:27] INFO - 第1章第1轮扩展，需增加1200字符
[2025-08-22 16:05:59] INFO - 扩展后长度：3321字符
[2025-08-22 16:06:01] INFO - 第1章第2轮扩展，需增加679字符
